2025-05-06T15:15:44Z [INFO] 🔨  Updating symbols.json…
2025-05-06T15:15:44Z [INFO] ✅  Updating symbols.json completed successfully.
2025-05-06T15:15:44Z [INFO] 🔨  Generating merged_training_data…
2025-05-06T15:15:44Z [ERROR] Generating merged_training_data failed (exit code 2); aborting master startup.
2025-05-06T15:27:56Z [INFO] 🔨  Updating symbols.json…
2025-05-06T15:27:56Z [INFO] ✅  Updating symbols.json completed successfully.
2025-05-06T15:27:56Z [INFO] 🔨  Generating merged_training_data…
2025-05-06T15:27:56Z [ERROR] Generating merged_training_data failed (exit code 1); aborting master startup.
2025-05-06T15:33:37Z [INFO] 🔨  Updating symbols.json…
2025-05-06T15:33:37Z [INFO] ✅  Updating symbols.json done.
2025-05-06T15:33:37Z [INFO] 🔨  Generating merged_training_data…
2025-05-06T15:33:37Z [ERROR] Generating merged_training_data failed (exit code 1); aborting.
2025-05-06T15:35:11Z [INFO] 🔨  Updating symbols.json…
2025-05-06T15:35:11Z [INFO] ✅  Updating symbols.json completed.
2025-05-06T15:35:11Z [INFO] 🔨  Generating merged_training_data…
2025-05-06T15:35:11Z [ERROR] Generating merged_training_data failed (exit 1); aborting.
2025-05-06T16:41:45Z [INFO] 🔨  Updating symbols.json…
2025-05-06T16:41:46Z [INFO] ✅  Updating symbols.json completed.
2025-05-06T16:41:46Z [INFO] 🔨  Generating merged_training_data…
2025-05-06T16:41:49Z [INFO] ✅  Generating merged_training_data completed.
2025-05-06T16:41:49Z [INFO] 🔨  Offline NN trainer…
2025-05-06T16:41:51Z [INFO] ✅  Offline NN trainer completed.
2025-05-06T16:41:51Z [INFO] 🔄  Evaluating & switching active model…
2025-05-06T16:41:54Z [INFO] ✅  Model switch step completed.
2025-05-06T16:41:54Z [INFO] [MASTER] Launching managed services…
2025-05-06T16:41:54Z [INFO] [MASTER] Starting update_symbols
2025-05-06T16:41:54Z [INFO] [MASTER] Starting vib_extras
2025-05-06T16:41:54Z [INFO] [MASTER] Starting multi_socket
2025-05-06T16:41:54Z [INFO] [MASTER] Starting vib_master
2025-05-06T16:41:54Z [INFO] [MASTER] Starting train_online
2025-05-06T16:42:24Z [WARNING] [MASTER] update_symbols exited (0); restarting…
2025-05-06T16:42:24Z [INFO] [MASTER] Starting update_symbols
2025-05-06T16:42:24Z [WARNING] [MASTER] vib_master exited (1); restarting…
2025-05-06T16:42:24Z [INFO] [MASTER] Starting vib_master
2025-05-06T16:42:24Z [WARNING] [MASTER] train_online exited (1); restarting…
2025-05-06T16:42:24Z [INFO] [MASTER] Starting train_online
2025-05-06T16:42:54Z [WARNING] [MASTER] update_symbols exited (0); restarting…
2025-05-06T16:42:54Z [INFO] [MASTER] Starting update_symbols
2025-05-06T16:42:54Z [WARNING] [MASTER] vib_master exited (1); restarting…
2025-05-06T16:42:54Z [INFO] [MASTER] Starting vib_master
2025-05-06T16:43:24Z [WARNING] [MASTER] update_symbols exited (0); restarting…
2025-05-06T16:43:24Z [INFO] [MASTER] Starting update_symbols
2025-05-06T16:43:24Z [WARNING] [MASTER] vib_master exited (1); restarting…
2025-05-06T16:43:24Z [INFO] [MASTER] Starting vib_master
