2025-05-06 16:38:20,813 [INFO] Initialized vib_extra_data table.
2025-05-06 16:38:20,814 [INFO] Fetching klines for VIBUSDT …
2025-05-06 16:38:21,527 [INFO] Fetching klines for BTCUSDT …
2025-05-06 16:38:22,218 [INFO] Fetching klines for ETHUSDT …
2025-05-06 16:38:22,957 [INFO] Fetching klines for BNBUSDT …
2025-05-06 16:38:23,700 [INFO] Stored 2000 rows into vib_extra_data.
2025-05-06 16:38:53,706 [INFO] Fetching klines for VIBUSDT …
2025-05-06 16:38:54,527 [INFO] Fetching klines for BTCUSDT …
2025-05-06 16:38:55,213 [INFO] Fetching klines for ETHUSDT …
2025-05-06 16:38:56,038 [INFO] Fetching klines for BNBUSDT …
2025-05-06 16:38:56,833 [INFO] Stored 2000 rows into vib_extra_data.
2025-05-06 16:39:26,841 [INFO] Fetching klines for VIBUSDT …
2025-05-06 16:39:27,678 [INFO] Fetching klines for BTCUSDT …
2025-05-06 16:39:28,359 [INFO] Fetching klines for ETHUSDT …
2025-05-06 16:39:29,082 [INFO] Fetching klines for BNBUSDT …
2025-05-06 16:39:29,881 [INFO] Stored 2000 rows into vib_extra_data.
2025-05-06 16:41:55,011 [INFO] Initialized vib_extra_data table.
2025-05-06 16:41:55,011 [INFO] Fetching klines for VIBUSDT …
2025-05-06 16:41:55,916 [INFO] Fetching klines for BTCUSDT …
2025-05-06 16:41:56,591 [INFO] Fetching klines for ETHUSDT …
2025-05-06 16:41:57,480 [INFO] Fetching klines for BNBUSDT …
2025-05-06 16:41:58,256 [INFO] Stored 2000 rows into vib_extra_data.
2025-05-06 16:42:28,263 [INFO] Fetching klines for VIBUSDT …
2025-05-06 16:42:28,869 [INFO] Fetching klines for BTCUSDT …
2025-05-06 16:42:29,711 [INFO] Fetching klines for ETHUSDT …
2025-05-06 16:42:30,395 [INFO] Fetching klines for BNBUSDT …
2025-05-06 16:42:31,096 [INFO] Stored 2000 rows into vib_extra_data.
2025-05-06 16:43:01,105 [INFO] Fetching klines for VIBUSDT …
2025-05-06 16:43:01,856 [INFO] Fetching klines for BTCUSDT …
2025-05-06 16:43:02,720 [INFO] Fetching klines for ETHUSDT …
2025-05-06 16:43:03,505 [INFO] Fetching klines for BNBUSDT …
2025-05-06 16:43:04,263 [INFO] Stored 2000 rows into vib_extra_data.
