2025-05-06 16:39:44,076 [INFO] Orderbook database initialized.
2025-05-06 16:39:44,077 [INFO] Started orderbook thread for VIBUSDT
2025-05-06 16:39:44,077 [INFO] Started orderbook thread for BTCUSDT
2025-05-06 16:39:44,078 [INFO] Started orderbook thread for ETHUSDT
2025-05-06 16:39:44,078 [INFO] Started orderbook thread for BNBUSDT
2025-05-06 16:39:44,888 [INFO] [VIBUSDT] websocket opened
2025-05-06 16:39:44,891 [INFO] [ETHUSDT] websocket opened
2025-05-06 16:39:44,898 [INFO] [BTCUSDT] websocket opened
2025-05-06 16:39:44,899 [INFO] [BNBUSDT] websocket opened
2025-05-06 16:39:44,928 [INFO] [BTCUSDT] Bid 94218.9100, Ask 94218.9200, Spread 0.0100
2025-05-06 16:39:45,014 [INFO] [BNBUSDT] Bid 598.3100, Ask 598.3200, Spread 0.0100
2025-05-06 16:39:45,925 [INFO] [BTCUSDT] Bid 94218.9100, Ask 94218.9200, Spread 0.0100
2025-05-06 16:39:45,928 [INFO] [ETHUSDT] Bid 1798.4000, Ask 1798.4100, Spread 0.0100
2025-05-06 16:39:46,015 [INFO] [BNBUSDT] Bid 598.3100, Ask 598.3200, Spread 0.0100
2025-05-06 16:39:46,917 [INFO] [BTCUSDT] Bid 94218.9100, Ask 94218.9200, Spread 0.0100
2025-05-06 16:39:46,928 [INFO] [ETHUSDT] Bid 1798.3400, Ask 1798.3500, Spread 0.0100
2025-05-06 16:39:47,011 [INFO] [BNBUSDT] Bid 598.3100, Ask 598.3200, Spread 0.0100
2025-05-06 16:39:47,929 [INFO] [BTCUSDT] Bid 94218.9100, Ask 94218.9200, Spread 0.0100
2025-05-06 16:39:47,960 [INFO] [ETHUSDT] Bid 1798.3400, Ask 1798.3500, Spread 0.0100
2025-05-06 16:39:48,014 [INFO] [BNBUSDT] Bid 598.3100, Ask 598.3200, Spread 0.0100
2025-05-06 16:39:48,918 [INFO] [BTCUSDT] Bid 94218.9100, Ask 94218.9200, Spread 0.0100
2025-05-06 16:39:48,924 [INFO] [ETHUSDT] Bid 1798.3400, Ask 1798.3500, Spread 0.0100
2025-05-06 16:39:49,013 [INFO] [BNBUSDT] Bid 598.3100, Ask 598.3200, Spread 0.0100
2025-05-06 16:39:49,918 [INFO] [BTCUSDT] Bid 94218.9100, Ask 94218.9200, Spread 0.0100
2025-05-06 16:39:49,928 [INFO] [ETHUSDT] Bid 1798.3400, Ask 1798.3500, Spread 0.0100
2025-05-06 16:39:50,011 [INFO] [BNBUSDT] Bid 598.3100, Ask 598.3200, Spread 0.0100
2025-05-06 16:39:51,012 [INFO] [BTCUSDT] Bid 94218.9100, Ask 94218.9200, Spread 0.0100
2025-05-06 16:39:51,014 [INFO] [ETHUSDT] Bid 1798.3400, Ask 1798.3500, Spread 0.0100
2025-05-06 16:39:51,021 [INFO] [BNBUSDT] Bid 598.3100, Ask 598.3200, Spread 0.0100
2025-05-06 16:39:51,918 [INFO] [BTCUSDT] Bid 94204.2300, Ask 94204.2400, Spread 0.0100
2025-05-06 16:39:51,923 [INFO] [ETHUSDT] Bid 1798.2200, Ask 1798.2300, Spread 0.0100
2025-05-06 16:39:52,016 [INFO] [BNBUSDT] Bid 598.3100, Ask 598.3200, Spread 0.0100
2025-05-06 16:39:52,918 [INFO] [BTCUSDT] Bid 94204.2300, Ask 94204.2400, Spread 0.0100
2025-05-06 16:39:52,920 [INFO] [ETHUSDT] Bid 1798.2200, Ask 1798.2300, Spread 0.0100
2025-05-06 16:39:53,012 [INFO] [BNBUSDT] Bid 598.3100, Ask 598.3200, Spread 0.0100
2025-05-06 16:39:53,918 [INFO] [BTCUSDT] Bid 94204.2300, Ask 94204.2400, Spread 0.0100
2025-05-06 16:39:53,922 [INFO] [ETHUSDT] Bid 1798.2200, Ask 1798.2300, Spread 0.0100
2025-05-06 16:39:54,011 [INFO] [BNBUSDT] Bid 598.3100, Ask 598.3200, Spread 0.0100
2025-05-06 16:39:54,918 [INFO] [BTCUSDT] Bid 94204.2300, Ask 94204.2400, Spread 0.0100
2025-05-06 16:39:54,922 [INFO] [ETHUSDT] Bid 1798.2200, Ask 1798.2300, Spread 0.0100
2025-05-06 16:39:55,010 [INFO] [BNBUSDT] Bid 598.3100, Ask 598.3200, Spread 0.0100
2025-05-06 16:39:55,917 [INFO] [BTCUSDT] Bid 94204.2300, Ask 94204.2400, Spread 0.0100
2025-05-06 16:39:55,923 [INFO] [ETHUSDT] Bid 1798.2200, Ask 1798.2300, Spread 0.0100
2025-05-06 16:41:54,689 [INFO] Orderbook database initialized.
2025-05-06 16:41:55,624 [INFO] [VIBUSDT] websocket opened
2025-05-06 16:41:55,632 [INFO] [BTCUSDT] websocket opened
2025-05-06 16:41:55,633 [INFO] [BNBUSDT] websocket opened
2025-05-06 16:41:55,633 [INFO] [ETHUSDT] websocket opened
2025-05-06 16:41:55,936 [INFO] [BTCUSDT] Bid 94182.9900, Ask 94183.0000, Spread 0.0100
2025-05-06 16:41:55,936 [INFO] [ETHUSDT] Bid 1797.3400, Ask 1797.3500, Spread 0.0100
2025-05-06 16:41:56,011 [INFO] [BNBUSDT] Bid 598.3700, Ask 598.3800, Spread 0.0100
2025-05-06 16:41:56,957 [INFO] [BTCUSDT] Bid 94182.9900, Ask 94183.0000, Spread 0.0100
2025-05-06 16:41:56,958 [INFO] [ETHUSDT] Bid 1797.3400, Ask 1797.3500, Spread 0.0100
2025-05-06 16:41:57,011 [INFO] [BNBUSDT] Bid 598.3700, Ask 598.3800, Spread 0.0100
2025-05-06 16:41:57,926 [INFO] [BTCUSDT] Bid 94182.9900, Ask 94183.0000, Spread 0.0100
2025-05-06 16:41:57,928 [INFO] [ETHUSDT] Bid 1797.3400, Ask 1797.3500, Spread 0.0100
2025-05-06 16:41:58,020 [INFO] [BNBUSDT] Bid 598.3700, Ask 598.3800, Spread 0.0100
2025-05-06 16:41:58,920 [INFO] [BTCUSDT] Bid 94182.9900, Ask 94183.0000, Spread 0.0100
2025-05-06 16:41:58,925 [INFO] [ETHUSDT] Bid 1797.3400, Ask 1797.3500, Spread 0.0100
2025-05-06 16:41:59,012 [INFO] [BNBUSDT] Bid 598.3700, Ask 598.3800, Spread 0.0100
2025-05-06 16:42:00,034 [INFO] [BTCUSDT] Bid 94182.9900, Ask 94183.0000, Spread 0.0100
2025-05-06 16:42:00,034 [INFO] [BNBUSDT] Bid 598.3700, Ask 598.3800, Spread 0.0100
2025-05-06 16:42:00,035 [INFO] [ETHUSDT] Bid 1797.3400, Ask 1797.3500, Spread 0.0100
2025-05-06 16:42:00,923 [INFO] [BTCUSDT] Bid 94182.9900, Ask 94183.0000, Spread 0.0100
2025-05-06 16:42:00,924 [INFO] [ETHUSDT] Bid 1797.0000, Ask 1797.0100, Spread 0.0100
2025-05-06 16:42:01,009 [INFO] [BNBUSDT] Bid 598.3700, Ask 598.3800, Spread 0.0100
2025-05-06 16:42:01,920 [INFO] [BTCUSDT] Bid 94175.6800, Ask 94175.6900, Spread 0.0100
2025-05-06 16:42:01,921 [INFO] [ETHUSDT] Bid 1797.0000, Ask 1797.0100, Spread 0.0100
2025-05-06 16:42:02,013 [INFO] [BNBUSDT] Bid 598.3700, Ask 598.3800, Spread 0.0100
2025-05-06 16:42:05,261 [INFO] [BTCUSDT] Bid 94175.6800, Ask 94175.6900, Spread 0.0100
2025-05-06 16:42:05,262 [INFO] [BNBUSDT] Bid 598.3700, Ask 598.3800, Spread 0.0100
2025-05-06 16:42:05,262 [INFO] [ETHUSDT] Bid 1797.0000, Ask 1797.0100, Spread 0.0100
2025-05-06 16:42:05,437 [INFO] [BTCUSDT] Bid 94175.6800, Ask 94175.6900, Spread 0.0100
2025-05-06 16:42:05,443 [INFO] [ETHUSDT] Bid 1797.0000, Ask 1797.0100, Spread 0.0100
2025-05-06 16:42:05,444 [INFO] [BTCUSDT] Bid 94175.6800, Ask 94175.6900, Spread 0.0100
2025-05-06 16:42:05,448 [INFO] [ETHUSDT] Bid 1797.0000, Ask 1797.0100, Spread 0.0100
2025-05-06 16:42:05,457 [INFO] [BNBUSDT] Bid 598.3700, Ask 598.3800, Spread 0.0100
2025-05-06 16:42:05,463 [INFO] [BNBUSDT] Bid 598.3700, Ask 598.3800, Spread 0.0100
2025-05-06 16:42:06,178 [INFO] [BTCUSDT] Bid 94175.6800, Ask 94175.6900, Spread 0.0100
2025-05-06 16:42:06,180 [INFO] [ETHUSDT] Bid 1797.0000, Ask 1797.0100, Spread 0.0100
2025-05-06 16:42:06,183 [INFO] [BNBUSDT] Bid 598.3700, Ask 598.3800, Spread 0.0100
2025-05-06 16:42:06,917 [INFO] [BTCUSDT] Bid 94175.6800, Ask 94175.6900, Spread 0.0100
2025-05-06 16:42:06,921 [INFO] [ETHUSDT] Bid 1797.0000, Ask 1797.0100, Spread 0.0100
2025-05-06 16:42:07,010 [INFO] [BNBUSDT] Bid 598.3700, Ask 598.3800, Spread 0.0100
2025-05-06 16:42:07,921 [INFO] [BTCUSDT] Bid 94175.6800, Ask 94175.6900, Spread 0.0100
2025-05-06 16:42:07,921 [INFO] [ETHUSDT] Bid 1797.0000, Ask 1797.0100, Spread 0.0100
2025-05-06 16:42:08,090 [INFO] [BNBUSDT] Bid 598.3700, Ask 598.3800, Spread 0.0100
2025-05-06 16:42:08,917 [INFO] [BTCUSDT] Bid 94175.6800, Ask 94175.6900, Spread 0.0100
2025-05-06 16:42:08,921 [INFO] [ETHUSDT] Bid 1797.0900, Ask 1797.1000, Spread 0.0100
2025-05-06 16:42:09,013 [INFO] [BNBUSDT] Bid 598.3700, Ask 598.3800, Spread 0.0100
2025-05-06 16:42:09,916 [INFO] [BTCUSDT] Bid 94175.6800, Ask 94175.6900, Spread 0.0100
2025-05-06 16:42:09,921 [INFO] [ETHUSDT] Bid 1797.0900, Ask 1797.1000, Spread 0.0100
2025-05-06 16:42:10,009 [INFO] [BNBUSDT] Bid 598.3700, Ask 598.3800, Spread 0.0100
2025-05-06 16:42:11,400 [INFO] [ETHUSDT] Bid 1797.1900, Ask 1797.2000, Spread 0.0100
2025-05-06 16:42:11,401 [INFO] [BTCUSDT] Bid 94175.6800, Ask 94175.6900, Spread 0.0100
2025-05-06 16:42:11,401 [INFO] [BNBUSDT] Bid 598.3700, Ask 598.3800, Spread 0.0100
2025-05-06 16:42:11,916 [INFO] [BTCUSDT] Bid 94175.6800, Ask 94175.6900, Spread 0.0100
2025-05-06 16:42:11,921 [INFO] [ETHUSDT] Bid 1797.1900, Ask 1797.2000, Spread 0.0100
2025-05-06 16:42:12,009 [INFO] [BNBUSDT] Bid 598.3700, Ask 598.3800, Spread 0.0100
2025-05-06 16:42:12,938 [INFO] [ETHUSDT] Bid 1797.1900, Ask 1797.2000, Spread 0.0100
2025-05-06 16:42:12,939 [INFO] [BTCUSDT] Bid 94175.6800, Ask 94175.6900, Spread 0.0100
2025-05-06 16:42:13,016 [INFO] [BNBUSDT] Bid 598.3700, Ask 598.3800, Spread 0.0100
2025-05-06 16:42:13,917 [INFO] [BTCUSDT] Bid 94175.6800, Ask 94175.6900, Spread 0.0100
2025-05-06 16:42:13,923 [INFO] [ETHUSDT] Bid 1797.1900, Ask 1797.2000, Spread 0.0100
2025-05-06 16:42:14,009 [INFO] [BNBUSDT] Bid 598.3700, Ask 598.3800, Spread 0.0100
2025-05-06 16:42:14,916 [INFO] [BTCUSDT] Bid 94175.6800, Ask 94175.6900, Spread 0.0100
2025-05-06 16:42:14,921 [INFO] [ETHUSDT] Bid 1797.1900, Ask 1797.2000, Spread 0.0100
2025-05-06 16:42:15,016 [INFO] [BNBUSDT] Bid 598.3700, Ask 598.3800, Spread 0.0100
2025-05-06 16:42:15,922 [INFO] [BTCUSDT] Bid 94175.6800, Ask 94175.6900, Spread 0.0100
2025-05-06 16:42:15,923 [INFO] [ETHUSDT] Bid 1797.1900, Ask 1797.2000, Spread 0.0100
2025-05-06 16:42:16,009 [INFO] [BNBUSDT] Bid 598.3700, Ask 598.3800, Spread 0.0100
2025-05-06 16:42:16,918 [INFO] [BTCUSDT] Bid 94175.6800, Ask 94175.6900, Spread 0.0100
2025-05-06 16:42:16,924 [INFO] [ETHUSDT] Bid 1797.1900, Ask 1797.2000, Spread 0.0100
2025-05-06 16:42:17,022 [INFO] [BNBUSDT] Bid 598.3700, Ask 598.3800, Spread 0.0100
2025-05-06 16:42:17,918 [INFO] [ETHUSDT] Bid 1797.2400, Ask 1797.2500, Spread 0.0100
2025-05-06 16:42:17,920 [INFO] [BTCUSDT] Bid 94175.6800, Ask 94175.6900, Spread 0.0100
2025-05-06 16:42:18,010 [INFO] [BNBUSDT] Bid 598.3700, Ask 598.3800, Spread 0.0100
2025-05-06 16:42:18,922 [INFO] [BTCUSDT] Bid 94175.6800, Ask 94175.6900, Spread 0.0100
2025-05-06 16:42:18,923 [INFO] [ETHUSDT] Bid 1797.2400, Ask 1797.2500, Spread 0.0100
2025-05-06 16:42:19,009 [INFO] [BNBUSDT] Bid 598.3700, Ask 598.3800, Spread 0.0100
2025-05-06 16:42:19,918 [INFO] [BTCUSDT] Bid 94175.6800, Ask 94175.6900, Spread 0.0100
2025-05-06 16:42:19,920 [INFO] [ETHUSDT] Bid 1797.2400, Ask 1797.2500, Spread 0.0100
2025-05-06 16:42:20,009 [INFO] [BNBUSDT] Bid 598.3700, Ask 598.3800, Spread 0.0100
2025-05-06 16:42:20,929 [INFO] [BTCUSDT] Bid 94175.6800, Ask 94175.6900, Spread 0.0100
2025-05-06 16:42:20,929 [INFO] [ETHUSDT] Bid 1797.2400, Ask 1797.2500, Spread 0.0100
2025-05-06 16:42:21,008 [INFO] [BNBUSDT] Bid 598.3700, Ask 598.3800, Spread 0.0100
2025-05-06 16:42:21,918 [INFO] [BTCUSDT] Bid 94175.6800, Ask 94175.6900, Spread 0.0100
2025-05-06 16:42:21,922 [INFO] [ETHUSDT] Bid 1797.2400, Ask 1797.2500, Spread 0.0100
2025-05-06 16:42:22,011 [INFO] [BNBUSDT] Bid 598.3700, Ask 598.3800, Spread 0.0100
2025-05-06 16:42:22,920 [INFO] [ETHUSDT] Bid 1797.5200, Ask 1797.5300, Spread 0.0100
2025-05-06 16:42:22,922 [INFO] [BTCUSDT] Bid 94175.6800, Ask 94175.6900, Spread 0.0100
2025-05-06 16:42:23,009 [INFO] [BNBUSDT] Bid 598.4000, Ask 598.4100, Spread 0.0100
2025-05-06 16:42:23,916 [INFO] [BTCUSDT] Bid 94175.6800, Ask 94175.6900, Spread 0.0100
2025-05-06 16:42:23,922 [INFO] [ETHUSDT] Bid 1797.6600, Ask 1797.6700, Spread 0.0100
2025-05-06 16:42:24,012 [INFO] [BNBUSDT] Bid 598.4000, Ask 598.4100, Spread 0.0100
2025-05-06 16:42:24,916 [INFO] [BTCUSDT] Bid 94175.6800, Ask 94175.6900, Spread 0.0100
2025-05-06 16:42:24,921 [INFO] [ETHUSDT] Bid 1797.7700, Ask 1797.7800, Spread 0.0100
2025-05-06 16:42:25,091 [INFO] [BNBUSDT] Bid 598.4000, Ask 598.4100, Spread 0.0100
2025-05-06 16:42:25,915 [INFO] [BTCUSDT] Bid 94175.6800, Ask 94175.6900, Spread 0.0100
2025-05-06 16:42:25,920 [INFO] [ETHUSDT] Bid 1797.8600, Ask 1797.8700, Spread 0.0100
2025-05-06 16:42:26,007 [INFO] [BNBUSDT] Bid 598.4000, Ask 598.4100, Spread 0.0100
2025-05-06 16:42:27,066 [INFO] [ETHUSDT] Bid 1797.9300, Ask 1797.9400, Spread 0.0100
2025-05-06 16:42:27,066 [INFO] [BTCUSDT] Bid 94181.9700, Ask 94181.9800, Spread 0.0100
2025-05-06 16:42:27,067 [INFO] [BNBUSDT] Bid 598.4300, Ask 598.4400, Spread 0.0100
2025-05-06 16:42:27,917 [INFO] [BTCUSDT] Bid 94187.9900, Ask 94188.0000, Spread 0.0100
2025-05-06 16:42:27,920 [INFO] [ETHUSDT] Bid 1797.9900, Ask 1798.0000, Spread 0.0100
2025-05-06 16:42:28,009 [INFO] [BNBUSDT] Bid 598.4900, Ask 598.5000, Spread 0.0100
2025-05-06 16:42:28,916 [INFO] [BTCUSDT] Bid 94187.9900, Ask 94188.0000, Spread 0.0100
2025-05-06 16:42:28,920 [INFO] [ETHUSDT] Bid 1797.9900, Ask 1798.0000, Spread 0.0100
2025-05-06 16:42:29,008 [INFO] [BNBUSDT] Bid 598.4900, Ask 598.5000, Spread 0.0100
2025-05-06 16:42:29,917 [INFO] [BTCUSDT] Bid 94195.9900, Ask 94196.0000, Spread 0.0100
2025-05-06 16:42:29,920 [INFO] [ETHUSDT] Bid 1797.9900, Ask 1798.0000, Spread 0.0100
2025-05-06 16:42:30,009 [INFO] [BNBUSDT] Bid 598.4900, Ask 598.5000, Spread 0.0100
2025-05-06 16:42:30,916 [INFO] [BTCUSDT] Bid 94195.9900, Ask 94196.0000, Spread 0.0100
2025-05-06 16:42:30,920 [INFO] [ETHUSDT] Bid 1797.9900, Ask 1798.0000, Spread 0.0100
2025-05-06 16:42:31,011 [INFO] [BNBUSDT] Bid 598.4900, Ask 598.5000, Spread 0.0100
2025-05-06 16:42:31,916 [INFO] [BTCUSDT] Bid 94195.9900, Ask 94196.0000, Spread 0.0100
2025-05-06 16:42:31,921 [INFO] [ETHUSDT] Bid 1797.9900, Ask 1798.0000, Spread 0.0100
2025-05-06 16:42:32,022 [INFO] [BNBUSDT] Bid 598.4900, Ask 598.5000, Spread 0.0100
2025-05-06 16:42:32,916 [INFO] [BTCUSDT] Bid 94195.9900, Ask 94196.0000, Spread 0.0100
2025-05-06 16:42:32,922 [INFO] [ETHUSDT] Bid 1797.9900, Ask 1798.0000, Spread 0.0100
2025-05-06 16:42:33,012 [INFO] [BNBUSDT] Bid 598.4900, Ask 598.5000, Spread 0.0100
2025-05-06 16:42:34,137 [INFO] [BTCUSDT] Bid 94195.9900, Ask 94196.0000, Spread 0.0100
2025-05-06 16:42:34,139 [INFO] [ETHUSDT] Bid 1797.8300, Ask 1797.8400, Spread 0.0100
2025-05-06 16:42:34,139 [INFO] [BNBUSDT] Bid 598.4900, Ask 598.5000, Spread 0.0100
2025-05-06 16:42:34,922 [INFO] [BTCUSDT] Bid 94195.9900, Ask 94196.0000, Spread 0.0100
2025-05-06 16:42:34,923 [INFO] [ETHUSDT] Bid 1797.8300, Ask 1797.8400, Spread 0.0100
2025-05-06 16:42:35,021 [INFO] [BNBUSDT] Bid 598.4900, Ask 598.5000, Spread 0.0100
2025-05-06 16:42:35,920 [INFO] [BTCUSDT] Bid 94195.9900, Ask 94196.0000, Spread 0.0100
2025-05-06 16:42:35,921 [INFO] [ETHUSDT] Bid 1797.8300, Ask 1797.8400, Spread 0.0100
2025-05-06 16:42:36,011 [INFO] [BNBUSDT] Bid 598.4900, Ask 598.5000, Spread 0.0100
2025-05-06 16:42:36,918 [INFO] [BTCUSDT] Bid 94195.9900, Ask 94196.0000, Spread 0.0100
2025-05-06 16:42:36,923 [INFO] [ETHUSDT] Bid 1797.8300, Ask 1797.8400, Spread 0.0100
2025-05-06 16:42:37,013 [INFO] [BNBUSDT] Bid 598.4900, Ask 598.5000, Spread 0.0100
2025-05-06 16:42:37,918 [INFO] [BTCUSDT] Bid 94195.9900, Ask 94196.0000, Spread 0.0100
2025-05-06 16:42:37,928 [INFO] [ETHUSDT] Bid 1797.8300, Ask 1797.8400, Spread 0.0100
2025-05-06 16:42:38,011 [INFO] [BNBUSDT] Bid 598.4900, Ask 598.5000, Spread 0.0100
2025-05-06 16:42:38,917 [INFO] [BTCUSDT] Bid 94195.9900, Ask 94196.0000, Spread 0.0100
2025-05-06 16:42:38,920 [INFO] [ETHUSDT] Bid 1797.8300, Ask 1797.8400, Spread 0.0100
2025-05-06 16:42:39,011 [INFO] [BNBUSDT] Bid 598.4900, Ask 598.5000, Spread 0.0100
2025-05-06 16:42:39,972 [INFO] [BTCUSDT] Bid 94195.9900, Ask 94196.0000, Spread 0.0100
2025-05-06 16:42:39,972 [INFO] [ETHUSDT] Bid 1797.8300, Ask 1797.8400, Spread 0.0100
2025-05-06 16:42:40,009 [INFO] [BNBUSDT] Bid 598.4900, Ask 598.5000, Spread 0.0100
2025-05-06 16:42:40,921 [INFO] [BTCUSDT] Bid 94195.9900, Ask 94196.0000, Spread 0.0100
2025-05-06 16:42:40,932 [INFO] [ETHUSDT] Bid 1797.8300, Ask 1797.8400, Spread 0.0100
2025-05-06 16:42:41,009 [INFO] [BNBUSDT] Bid 598.4900, Ask 598.5000, Spread 0.0100
2025-05-06 16:42:41,922 [INFO] [BTCUSDT] Bid 94195.9900, Ask 94196.0000, Spread 0.0100
2025-05-06 16:42:41,922 [INFO] [ETHUSDT] Bid 1797.6000, Ask 1797.6100, Spread 0.0100
2025-05-06 16:42:42,011 [INFO] [BNBUSDT] Bid 598.4900, Ask 598.5000, Spread 0.0100
2025-05-06 16:42:42,916 [INFO] [BTCUSDT] Bid 94195.9900, Ask 94196.0000, Spread 0.0100
2025-05-06 16:42:42,921 [INFO] [ETHUSDT] Bid 1797.4100, Ask 1797.4200, Spread 0.0100
2025-05-06 16:42:43,023 [INFO] [BNBUSDT] Bid 598.4900, Ask 598.5000, Spread 0.0100
2025-05-06 16:42:43,923 [INFO] [BTCUSDT] Bid 94191.9800, Ask 94191.9900, Spread 0.0100
2025-05-06 16:42:43,924 [INFO] [ETHUSDT] Bid 1797.4100, Ask 1797.4200, Spread 0.0100
2025-05-06 16:42:44,011 [INFO] [BNBUSDT] Bid 598.4900, Ask 598.5000, Spread 0.0100
2025-05-06 16:42:44,937 [INFO] [BTCUSDT] Bid 94191.9800, Ask 94191.9900, Spread 0.0100
2025-05-06 16:42:44,938 [INFO] [ETHUSDT] Bid 1797.4100, Ask 1797.4200, Spread 0.0100
2025-05-06 16:42:45,010 [INFO] [BNBUSDT] Bid 598.4900, Ask 598.5000, Spread 0.0100
2025-05-06 16:42:45,923 [INFO] [BTCUSDT] Bid 94191.9800, Ask 94191.9900, Spread 0.0100
2025-05-06 16:42:45,925 [INFO] [ETHUSDT] Bid 1797.4100, Ask 1797.4200, Spread 0.0100
2025-05-06 16:42:46,009 [INFO] [BNBUSDT] Bid 598.4900, Ask 598.5000, Spread 0.0100
2025-05-06 16:42:47,035 [INFO] [BTCUSDT] Bid 94191.9800, Ask 94191.9900, Spread 0.0100
2025-05-06 16:42:47,037 [INFO] [ETHUSDT] Bid 1797.4100, Ask 1797.4200, Spread 0.0100
2025-05-06 16:42:47,038 [INFO] [BNBUSDT] Bid 598.4900, Ask 598.5000, Spread 0.0100
2025-05-06 16:42:47,923 [INFO] [ETHUSDT] Bid 1797.6500, Ask 1797.6600, Spread 0.0100
2025-05-06 16:42:47,923 [INFO] [BTCUSDT] Bid 94191.9800, Ask 94191.9900, Spread 0.0100
2025-05-06 16:42:48,009 [INFO] [BNBUSDT] Bid 598.4900, Ask 598.5000, Spread 0.0100
2025-05-06 16:42:48,916 [INFO] [BTCUSDT] Bid 94191.9800, Ask 94191.9900, Spread 0.0100
2025-05-06 16:42:48,921 [INFO] [ETHUSDT] Bid 1797.6500, Ask 1797.6600, Spread 0.0100
2025-05-06 16:42:49,011 [INFO] [BNBUSDT] Bid 598.4900, Ask 598.5000, Spread 0.0100
2025-05-06 16:42:49,920 [INFO] [ETHUSDT] Bid 1797.6500, Ask 1797.6600, Spread 0.0100
2025-05-06 16:42:49,920 [INFO] [BTCUSDT] Bid 94191.9800, Ask 94191.9900, Spread 0.0100
2025-05-06 16:42:50,012 [INFO] [BNBUSDT] Bid 598.4900, Ask 598.5000, Spread 0.0100
2025-05-06 16:42:50,917 [INFO] [BTCUSDT] Bid 94191.9800, Ask 94191.9900, Spread 0.0100
2025-05-06 16:42:50,921 [INFO] [ETHUSDT] Bid 1797.6500, Ask 1797.6600, Spread 0.0100
2025-05-06 16:42:51,009 [INFO] [BNBUSDT] Bid 598.4900, Ask 598.5000, Spread 0.0100
2025-05-06 16:42:51,922 [INFO] [BTCUSDT] Bid 94191.9800, Ask 94191.9900, Spread 0.0100
2025-05-06 16:42:51,923 [INFO] [ETHUSDT] Bid 1797.6500, Ask 1797.6600, Spread 0.0100
2025-05-06 16:42:52,009 [INFO] [BNBUSDT] Bid 598.4900, Ask 598.5000, Spread 0.0100
2025-05-06 16:42:52,923 [INFO] [ETHUSDT] Bid 1797.6500, Ask 1797.6600, Spread 0.0100
2025-05-06 16:42:52,924 [INFO] [BTCUSDT] Bid 94191.9800, Ask 94191.9900, Spread 0.0100
2025-05-06 16:42:53,009 [INFO] [BNBUSDT] Bid 598.4900, Ask 598.5000, Spread 0.0100
2025-05-06 16:42:53,916 [INFO] [BTCUSDT] Bid 94191.9800, Ask 94191.9900, Spread 0.0100
2025-05-06 16:42:53,921 [INFO] [ETHUSDT] Bid 1797.6500, Ask 1797.6600, Spread 0.0100
2025-05-06 16:42:54,011 [INFO] [BNBUSDT] Bid 598.4900, Ask 598.5000, Spread 0.0100
2025-05-06 16:42:55,021 [INFO] [ETHUSDT] Bid 1797.6500, Ask 1797.6600, Spread 0.0100
2025-05-06 16:42:55,021 [INFO] [BTCUSDT] Bid 94191.9800, Ask 94191.9900, Spread 0.0100
2025-05-06 16:42:55,021 [INFO] [BNBUSDT] Bid 598.4900, Ask 598.5000, Spread 0.0100
2025-05-06 16:42:55,916 [INFO] [BTCUSDT] Bid 94191.9800, Ask 94191.9900, Spread 0.0100
2025-05-06 16:42:55,922 [INFO] [ETHUSDT] Bid 1797.6500, Ask 1797.6600, Spread 0.0100
2025-05-06 16:42:56,012 [INFO] [BNBUSDT] Bid 598.4900, Ask 598.5000, Spread 0.0100
2025-05-06 16:42:56,915 [INFO] [BTCUSDT] Bid 94191.9800, Ask 94191.9900, Spread 0.0100
2025-05-06 16:42:56,921 [INFO] [ETHUSDT] Bid 1797.6500, Ask 1797.6600, Spread 0.0100
2025-05-06 16:42:57,010 [INFO] [BNBUSDT] Bid 598.4900, Ask 598.5000, Spread 0.0100
2025-05-06 16:42:57,923 [INFO] [ETHUSDT] Bid 1797.6500, Ask 1797.6600, Spread 0.0100
2025-05-06 16:42:57,924 [INFO] [BTCUSDT] Bid 94191.9800, Ask 94191.9900, Spread 0.0100
2025-05-06 16:42:58,009 [INFO] [BNBUSDT] Bid 598.4900, Ask 598.5000, Spread 0.0100
2025-05-06 16:42:59,017 [INFO] [BNBUSDT] Bid 598.4900, Ask 598.5000, Spread 0.0100
2025-05-06 16:42:59,019 [INFO] [ETHUSDT] Bid 1797.6500, Ask 1797.6600, Spread 0.0100
2025-05-06 16:42:59,020 [INFO] [BTCUSDT] Bid 94191.9800, Ask 94191.9900, Spread 0.0100
2025-05-06 16:42:59,924 [INFO] [ETHUSDT] Bid 1797.6500, Ask 1797.6600, Spread 0.0100
2025-05-06 16:42:59,924 [INFO] [BTCUSDT] Bid 94191.9800, Ask 94191.9900, Spread 0.0100
2025-05-06 16:43:00,020 [INFO] [BNBUSDT] Bid 598.4900, Ask 598.5000, Spread 0.0100
2025-05-06 16:43:01,127 [INFO] [BTCUSDT] Bid 94191.9800, Ask 94191.9900, Spread 0.0100
2025-05-06 16:43:01,128 [INFO] [BNBUSDT] Bid 598.4900, Ask 598.5000, Spread 0.0100
2025-05-06 16:43:01,130 [INFO] [ETHUSDT] Bid 1797.6500, Ask 1797.6600, Spread 0.0100
2025-05-06 16:43:01,969 [INFO] [ETHUSDT] Bid 1797.6500, Ask 1797.6600, Spread 0.0100
2025-05-06 16:43:01,970 [INFO] [BTCUSDT] Bid 94191.9800, Ask 94191.9900, Spread 0.0100
2025-05-06 16:43:02,013 [INFO] [BNBUSDT] Bid 598.4900, Ask 598.5000, Spread 0.0100
2025-05-06 16:43:02,930 [INFO] [BTCUSDT] Bid 94191.9800, Ask 94191.9900, Spread 0.0100
2025-05-06 16:43:02,933 [INFO] [ETHUSDT] Bid 1797.6500, Ask 1797.6600, Spread 0.0100
2025-05-06 16:43:03,011 [INFO] [BNBUSDT] Bid 598.4900, Ask 598.5000, Spread 0.0100
2025-05-06 16:43:03,999 [INFO] [BTCUSDT] Bid 94191.9800, Ask 94191.9900, Spread 0.0100
2025-05-06 16:43:04,005 [INFO] [ETHUSDT] Bid 1797.6500, Ask 1797.6600, Spread 0.0100
2025-05-06 16:43:04,014 [INFO] [BNBUSDT] Bid 598.4900, Ask 598.5000, Spread 0.0100
2025-05-06 16:43:04,916 [INFO] [BTCUSDT] Bid 94191.9800, Ask 94191.9900, Spread 0.0100
2025-05-06 16:43:04,921 [INFO] [ETHUSDT] Bid 1797.6500, Ask 1797.6600, Spread 0.0100
2025-05-06 16:43:05,008 [INFO] [BNBUSDT] Bid 598.4900, Ask 598.5000, Spread 0.0100
2025-05-06 16:43:05,915 [INFO] [BTCUSDT] Bid 94191.9800, Ask 94191.9900, Spread 0.0100
2025-05-06 16:43:05,922 [INFO] [ETHUSDT] Bid 1797.6500, Ask 1797.6600, Spread 0.0100
2025-05-06 16:43:06,011 [INFO] [BNBUSDT] Bid 598.4900, Ask 598.5000, Spread 0.0100
2025-05-06 16:43:06,917 [INFO] [BTCUSDT] Bid 94191.9800, Ask 94191.9900, Spread 0.0100
2025-05-06 16:43:06,921 [INFO] [ETHUSDT] Bid 1797.6500, Ask 1797.6600, Spread 0.0100
2025-05-06 16:43:07,008 [INFO] [BNBUSDT] Bid 598.4900, Ask 598.5000, Spread 0.0100
2025-05-06 16:43:07,925 [INFO] [BTCUSDT] Bid 94191.9800, Ask 94191.9900, Spread 0.0100
2025-05-06 16:43:07,927 [INFO] [ETHUSDT] Bid 1797.6500, Ask 1797.6600, Spread 0.0100
2025-05-06 16:43:08,011 [INFO] [BNBUSDT] Bid 598.5500, Ask 598.5600, Spread 0.0100
2025-05-06 16:43:08,917 [INFO] [BTCUSDT] Bid 94191.9800, Ask 94191.9900, Spread 0.0100
2025-05-06 16:43:08,923 [INFO] [ETHUSDT] Bid 1797.6500, Ask 1797.6600, Spread 0.0100
2025-05-06 16:43:09,014 [INFO] [BNBUSDT] Bid 598.5500, Ask 598.5600, Spread 0.0100
2025-05-06 16:43:10,075 [INFO] [BTCUSDT] Bid 94191.9800, Ask 94191.9900, Spread 0.0100
2025-05-06 16:43:10,078 [INFO] [ETHUSDT] Bid 1797.6500, Ask 1797.6600, Spread 0.0100
2025-05-06 16:43:10,079 [INFO] [BNBUSDT] Bid 598.5500, Ask 598.5600, Spread 0.0100
2025-05-06 16:43:10,917 [INFO] [BTCUSDT] Bid 94191.9800, Ask 94191.9900, Spread 0.0100
2025-05-06 16:43:10,921 [INFO] [ETHUSDT] Bid 1797.6500, Ask 1797.6600, Spread 0.0100
2025-05-06 16:43:11,011 [INFO] [BNBUSDT] Bid 598.5500, Ask 598.5600, Spread 0.0100
2025-05-06 16:43:11,918 [INFO] [BTCUSDT] Bid 94191.9800, Ask 94191.9900, Spread 0.0100
2025-05-06 16:43:11,920 [INFO] [ETHUSDT] Bid 1797.6500, Ask 1797.6600, Spread 0.0100
2025-05-06 16:43:12,015 [INFO] [BNBUSDT] Bid 598.5500, Ask 598.5600, Spread 0.0100
2025-05-06 16:43:13,150 [INFO] [BTCUSDT] Bid 94191.9800, Ask 94191.9900, Spread 0.0100
2025-05-06 16:43:13,151 [INFO] [BNBUSDT] Bid 598.5500, Ask 598.5600, Spread 0.0100
2025-05-06 16:43:13,154 [INFO] [ETHUSDT] Bid 1797.6500, Ask 1797.6600, Spread 0.0100
2025-05-06 16:43:14,070 [INFO] [BTCUSDT] Bid 94191.9800, Ask 94191.9900, Spread 0.0100
2025-05-06 16:43:14,071 [INFO] [BNBUSDT] Bid 598.5500, Ask 598.5600, Spread 0.0100
2025-05-06 16:43:14,072 [INFO] [ETHUSDT] Bid 1797.6500, Ask 1797.6600, Spread 0.0100
2025-05-06 16:43:14,916 [INFO] [BTCUSDT] Bid 94191.9800, Ask 94191.9900, Spread 0.0100
2025-05-06 16:43:14,921 [INFO] [ETHUSDT] Bid 1797.6500, Ask 1797.6600, Spread 0.0100
2025-05-06 16:43:15,014 [INFO] [BNBUSDT] Bid 598.5500, Ask 598.5600, Spread 0.0100
2025-05-06 16:43:15,916 [INFO] [BTCUSDT] Bid 94191.9800, Ask 94191.9900, Spread 0.0100
2025-05-06 16:43:15,920 [INFO] [ETHUSDT] Bid 1797.6500, Ask 1797.6600, Spread 0.0100
2025-05-06 16:43:16,015 [INFO] [BNBUSDT] Bid 598.5500, Ask 598.5600, Spread 0.0100
2025-05-06 16:43:16,923 [INFO] [BTCUSDT] Bid 94191.9800, Ask 94191.9900, Spread 0.0100
2025-05-06 16:43:16,924 [INFO] [ETHUSDT] Bid 1797.6500, Ask 1797.6600, Spread 0.0100
2025-05-06 16:43:17,015 [INFO] [BNBUSDT] Bid 598.5500, Ask 598.5600, Spread 0.0100
2025-05-06 16:43:18,064 [INFO] [BTCUSDT] Bid 94191.9800, Ask 94191.9900, Spread 0.0100
2025-05-06 16:43:18,065 [INFO] [ETHUSDT] Bid 1797.7600, Ask 1797.7700, Spread 0.0100
2025-05-06 16:43:18,066 [INFO] [BNBUSDT] Bid 598.5500, Ask 598.5600, Spread 0.0100
2025-05-06 16:43:18,917 [INFO] [BTCUSDT] Bid 94191.9800, Ask 94191.9900, Spread 0.0100
2025-05-06 16:43:18,922 [INFO] [ETHUSDT] Bid 1797.7600, Ask 1797.7700, Spread 0.0100
2025-05-06 16:43:19,025 [INFO] [BNBUSDT] Bid 598.5500, Ask 598.5600, Spread 0.0100
2025-05-06 16:43:20,213 [INFO] [BTCUSDT] Bid 94191.9800, Ask 94191.9900, Spread 0.0100
2025-05-06 16:43:20,215 [INFO] [ETHUSDT] Bid 1797.7800, Ask 1797.7900, Spread 0.0100
2025-05-06 16:43:20,218 [INFO] [BNBUSDT] Bid 598.5500, Ask 598.5600, Spread 0.0100
2025-05-06 16:43:20,941 [INFO] [BTCUSDT] Bid 94191.9800, Ask 94191.9900, Spread 0.0100
2025-05-06 16:43:20,943 [INFO] [ETHUSDT] Bid 1797.7800, Ask 1797.7900, Spread 0.0100
2025-05-06 16:43:21,049 [INFO] [BNBUSDT] Bid 598.5500, Ask 598.5600, Spread 0.0100
2025-05-06 16:43:21,918 [INFO] [BTCUSDT] Bid 94191.9800, Ask 94191.9900, Spread 0.0100
2025-05-06 16:43:21,923 [INFO] [ETHUSDT] Bid 1797.7800, Ask 1797.7900, Spread 0.0100
2025-05-06 16:43:22,010 [INFO] [BNBUSDT] Bid 598.5500, Ask 598.5600, Spread 0.0100
2025-05-06 16:43:22,921 [INFO] [BTCUSDT] Bid 94191.9800, Ask 94191.9900, Spread 0.0100
2025-05-06 16:43:22,931 [INFO] [ETHUSDT] Bid 1797.7800, Ask 1797.7900, Spread 0.0100
2025-05-06 16:43:23,011 [INFO] [BNBUSDT] Bid 598.5500, Ask 598.5600, Spread 0.0100
2025-05-06 16:43:23,925 [INFO] [BTCUSDT] Bid 94204.2300, Ask 94204.2400, Spread 0.0100
2025-05-06 16:43:23,928 [INFO] [ETHUSDT] Bid 1797.9900, Ask 1798.0000, Spread 0.0100
2025-05-06 16:43:24,012 [INFO] [BNBUSDT] Bid 598.5500, Ask 598.5600, Spread 0.0100
2025-05-06 16:43:24,928 [INFO] [BTCUSDT] Bid 94204.2300, Ask 94204.2400, Spread 0.0100
2025-05-06 16:43:24,934 [INFO] [ETHUSDT] Bid 1797.9900, Ask 1798.0000, Spread 0.0100
2025-05-06 16:43:25,026 [INFO] [BNBUSDT] Bid 598.5500, Ask 598.5600, Spread 0.0100
